#-----------------------------------------------------------
# Vivado v2015.4 (64-bit)
# SW Build 1412921 on Wed Nov 18 09:43:45 MST 2015
# IP Build 1412160 on Tue Nov 17 13:47:24 MST 2015
# Start of session at: Fri Dec 13 14:49:02 2019
# Process ID: 8764
# Current directory: E:/AOften/Computer Organization and Design/lab/vivado6/Pipelining
# Command line: vivado.exe -gui_launcher_event rodinguilauncherevent12872 E:\AOften\Computer Organization and Design\lab\vivado6\Pipelining\Pipelining.xpr
# Log file: E:/AOften/Computer Organization and Design/lab/vivado6/Pipelining/vivado.log
# Journal file: E:/AOften/Computer Organization and Design/lab/vivado6/Pipelining\vivado.jou
#-----------------------------------------------------------
start_gui
open_project {E:/AOften/Computer Organization and Design/lab/vivado6/Pipelining/Pipelining.xpr}
set_property -dict [list CONFIG.Coe_File {e:/AOften/Computer Organization and Design/lab/vivado6/1.coe}] [get_ips InstructionROM]
set_property -dict [list CONFIG.Coe_File {e:/AOften/Computer Organization and Design/lab/vivado6/1.coe}] [get_ips InstructionROM]
create_ip -name dist_mem_gen -vendor xilinx.com -library ip -version 8.0 -module_name dist_mem_gen_0
set_property -dict [list CONFIG.depth {1024} CONFIG.data_width {32} CONFIG.memory_type {rom} CONFIG.input_options {non_registered} CONFIG.output_options {non_registered} CONFIG.coefficient_file {E:/AOften/Computer Organization and Design/lab/vivado6/1.coe}] [get_ips dist_mem_gen_0]
generate_target {instantiation_template} [get_files {{e:/AOften/Computer Organization and Design/lab/vivado6/Pipelining/Pipelining.srcs/sources_1/ip/dist_mem_gen_0/dist_mem_gen_0.xci}}]
update_compile_order -fileset sources_1
generate_target all [get_files  {{e:/AOften/Computer Organization and Design/lab/vivado6/Pipelining/Pipelining.srcs/sources_1/ip/dist_mem_gen_0/dist_mem_gen_0.xci}}]
export_ip_user_files -of_objects [get_files {{e:/AOften/Computer Organization and Design/lab/vivado6/Pipelining/Pipelining.srcs/sources_1/ip/dist_mem_gen_0/dist_mem_gen_0.xci}}] -no_script -force -quiet
create_ip_run [get_files -of_objects [get_fileset sources_1] {{e:/AOften/Computer Organization and Design/lab/vivado6/Pipelining/Pipelining.srcs/sources_1/ip/dist_mem_gen_0/dist_mem_gen_0.xci}}]
launch_run -jobs 4 dist_mem_gen_0_synth_1
export_simulation -of_objects [get_files {{e:/AOften/Computer Organization and Design/lab/vivado6/Pipelining/Pipelining.srcs/sources_1/ip/dist_mem_gen_0/dist_mem_gen_0.xci}}] -directory {E:/AOften/Computer Organization and Design/lab/vivado6/Pipelining/Pipelining.ip_user_files/sim_scripts} -force -quiet
remove_files -fileset dist_mem_gen_0 {{e:/AOften/Computer Organization and Design/lab/vivado6/Pipelining/Pipelining.srcs/sources_1/ip/dist_mem_gen_0/dist_mem_gen_0.xci}}
file delete -force {E:/AOften/Computer Organization and Design/lab/vivado6/Pipelining/Pipelining.ip_user_files/ip/dist_mem_gen_0} {E:/AOften/Computer Organization and Design/lab/vivado6/Pipelining/Pipelining.ip_user_files/sim_scripts/dist_mem_gen_0}
remove_files -fileset InstructionROM {{E:/AOften/Computer Organization and Design/lab/vivado6/Pipelining/Pipelining.srcs/sources_1/ip/InstructionROM/InstructionROM.xci}}
file delete -force {E:/AOften/Computer Organization and Design/lab/vivado6/Pipelining/Pipelining.ip_user_files/ip/InstructionROM} {E:/AOften/Computer Organization and Design/lab/vivado6/Pipelining/Pipelining.ip_user_files/sim_scripts/InstructionROM}
create_ip -name dist_mem_gen -vendor xilinx.com -library ip -version 8.0 -module_name dist_mem_gen_0
set_property -dict [list CONFIG.depth {1024} CONFIG.data_width {32} CONFIG.memory_type {rom} CONFIG.coefficient_file {E:/AOften/Computer Organization and Design/lab/vivado6/1.coe}] [get_ips dist_mem_gen_0]
generate_target {instantiation_template} [get_files {{e:/AOften/Computer Organization and Design/lab/vivado6/Pipelining/Pipelining.srcs/sources_1/ip/dist_mem_gen_0_1/dist_mem_gen_0.xci}}]
update_compile_order -fileset sources_1
generate_target all [get_files  {{e:/AOften/Computer Organization and Design/lab/vivado6/Pipelining/Pipelining.srcs/sources_1/ip/dist_mem_gen_0_1/dist_mem_gen_0.xci}}]
export_ip_user_files -of_objects [get_files {{e:/AOften/Computer Organization and Design/lab/vivado6/Pipelining/Pipelining.srcs/sources_1/ip/dist_mem_gen_0_1/dist_mem_gen_0.xci}}] -no_script -force -quiet
create_ip_run [get_files -of_objects [get_fileset sources_1] {{e:/AOften/Computer Organization and Design/lab/vivado6/Pipelining/Pipelining.srcs/sources_1/ip/dist_mem_gen_0_1/dist_mem_gen_0.xci}}]
launch_run -jobs 4 dist_mem_gen_0_synth_1
export_simulation -of_objects [get_files {{e:/AOften/Computer Organization and Design/lab/vivado6/Pipelining/Pipelining.srcs/sources_1/ip/dist_mem_gen_0_1/dist_mem_gen_0.xci}}] -directory {E:/AOften/Computer Organization and Design/lab/vivado6/Pipelining/Pipelining.ip_user_files/sim_scripts} -force -quiet
remove_files -fileset dist_mem_gen_0 {{e:/AOften/Computer Organization and Design/lab/vivado6/Pipelining/Pipelining.srcs/sources_1/ip/dist_mem_gen_0_1/dist_mem_gen_0.xci}}
file delete -force {E:/AOften/Computer Organization and Design/lab/vivado6/Pipelining/Pipelining.ip_user_files/ip/dist_mem_gen_0}
create_ip -name dist_mem_gen -vendor xilinx.com -library ip -version 8.0 -module_name InstructionROM
set_property -dict [list CONFIG.depth {1024} CONFIG.data_width {32} CONFIG.memory_type {rom} CONFIG.coefficient_file {E:/AOften/Computer Organization and Design/lab/vivado6/1.coe}] [get_ips InstructionROM]
generate_target {instantiation_template} [get_files {{e:/AOften/Computer Organization and Design/lab/vivado6/Pipelining/Pipelining.srcs/sources_1/ip/InstructionROM_1/InstructionROM.xci}}]
update_compile_order -fileset sources_1
generate_target all [get_files  {{e:/AOften/Computer Organization and Design/lab/vivado6/Pipelining/Pipelining.srcs/sources_1/ip/InstructionROM_1/InstructionROM.xci}}]
export_ip_user_files -of_objects [get_files {{e:/AOften/Computer Organization and Design/lab/vivado6/Pipelining/Pipelining.srcs/sources_1/ip/InstructionROM_1/InstructionROM.xci}}] -no_script -force -quiet
create_ip_run [get_files -of_objects [get_fileset sources_1] {{e:/AOften/Computer Organization and Design/lab/vivado6/Pipelining/Pipelining.srcs/sources_1/ip/InstructionROM_1/InstructionROM.xci}}]
launch_run -jobs 4 InstructionROM_synth_1
export_simulation -of_objects [get_files {{e:/AOften/Computer Organization and Design/lab/vivado6/Pipelining/Pipelining.srcs/sources_1/ip/InstructionROM_1/InstructionROM.xci}}] -directory {E:/AOften/Computer Organization and Design/lab/vivado6/Pipelining/Pipelining.ip_user_files/sim_scripts} -force -quiet
reset_run synth_1
launch_runs synth_1 -jobs 4
wait_on_run synth_1
